---
source: tests/ast_test.rs
expression: "AST::parse(tokens).unwrap()"
---
Document(
    Document {
        span: Span {
            start: 0,
            end: 41,
        },
        executable: None,
        elements: [
            CommentBlock(
                CommentBlock {
                    span: Span {
                        start: 0,
                        end: 13,
                    },
                    raw: [
                        "# I'm comment",
                    ],
                },
            ),
            CommentBlock(
                CommentBlock {
                    span: Span {
                        start: 20,
                        end: 41,
                    },
                    raw: [
                        "# Second line comment",
                    ],
                },
            ),
        ],
    },
)
