---
source: tests/ast_test.rs
expression: "AST::parse(tokens).unwrap()"
---
Document(
    Document {
        span: Span {
            start: 0,
            end: 16,
        },
        executable: None,
        elements: [
            Variable(
                Variable {
                    span: Span {
                        start: 13,
                        end: 16,
                    },
                    comment: None,
                    name: "foo",
                    variable_type: None,
                    options_variable_type: None,
                    default_value: None,
                    nullable: false,
                },
            ),
        ],
    },
)
