---
source: tests/ast_test.rs
expression: "AST::parse(tokens).unwrap()"
---
Document(
    Document {
        span: Span {
            start: 0,
            end: 35,
        },
        executable: None,
        elements: [
            Variable(
                Variable {
                    span: Span {
                        start: 13,
                        end: 35,
                    },
                    comment: None,
                    name: "FOO",
                    variable_type: Some(
                        "String",
                    ),
                    options_variable_type: Some(
                        {
                            "Biz": None,
                            "Foo": None,
                        },
                    ),
                    default_value: None,
                    nullable: true,
                },
            ),
        ],
    },
)
