---
source: tests/ast_test.rs
expression: "AST::parse(tokens).unwrap()"
---
Document {
    span: Span {
        start: 0,
        end: 24,
    },
    executable: None,
    elements: [
        Variable {
            span: Span {
                start: 13,
                end: 24,
            },
            comment: None,
            name: "foo",
            variable_type: Some(
                "string",
            ),
            options_variable_type: None,
            default_value: None,
            nullable: false,
        },
    ],
}
